Archive member included to satisfy reference by file (symbol)

c:/st/stm32cubeide_1.4.0/stm32cubeide/plugins/com.st.stm32cube.ide.mcu.externaltools.gnu-tools-for-stm32.7-2018-q2-update.win32_1.5.0.202011040924/tools/bin/../lib/gcc/arm-none-eabi/7.3.1/../../../../arm-none-eabi/lib/thumb/v7e-m\libc_nano.a(lib_a-exit.o)
                              c:/st/stm32cubeide_1.4.0/stm32cubeide/plugins/com.st.stm32cube.ide.mcu.externaltools.gnu-tools-for-stm32.7-2018-q2-update.win32_1.5.0.202011040924/tools/bin/../lib/gcc/arm-none-eabi/7.3.1/../../../../arm-none-eabi/lib/thumb/v7e-m/crt0.o (exit)
c:/st/stm32cubeide_1.4.0/stm32cubeide/plugins/com.st.stm32cube.ide.mcu.externaltools.gnu-tools-for-stm32.7-2018-q2-update.win32_1.5.0.202011040924/tools/bin/../lib/gcc/arm-none-eabi/7.3.1/../../../../arm-none-eabi/lib/thumb/v7e-m\libc_nano.a(lib_a-impure.o)
                              c:/st/stm32cubeide_1.4.0/stm32cubeide/plugins/com.st.stm32cube.ide.mcu.externaltools.gnu-tools-for-stm32.7-2018-q2-update.win32_1.5.0.202011040924/tools/bin/../lib/gcc/arm-none-eabi/7.3.1/../../../../arm-none-eabi/lib/thumb/v7e-m\libc_nano.a(lib_a-exit.o) (_global_impure_ptr)
c:/st/stm32cubeide_1.4.0/stm32cubeide/plugins/com.st.stm32cube.ide.mcu.externaltools.gnu-tools-for-stm32.7-2018-q2-update.win32_1.5.0.202011040924/tools/bin/../lib/gcc/arm-none-eabi/7.3.1/../../../../arm-none-eabi/lib/thumb/v7e-m\libc_nano.a(lib_a-init.o)
                              c:/st/stm32cubeide_1.4.0/stm32cubeide/plugins/com.st.stm32cube.ide.mcu.externaltools.gnu-tools-for-stm32.7-2018-q2-update.win32_1.5.0.202011040924/tools/bin/../lib/gcc/arm-none-eabi/7.3.1/../../../../arm-none-eabi/lib/thumb/v7e-m/crt0.o (__libc_init_array)
c:/st/stm32cubeide_1.4.0/stm32cubeide/plugins/com.st.stm32cube.ide.mcu.externaltools.gnu-tools-for-stm32.7-2018-q2-update.win32_1.5.0.202011040924/tools/bin/../lib/gcc/arm-none-eabi/7.3.1/../../../../arm-none-eabi/lib/thumb/v7e-m\libc_nano.a(lib_a-memset.o)
                              c:/st/stm32cubeide_1.4.0/stm32cubeide/plugins/com.st.stm32cube.ide.mcu.externaltools.gnu-tools-for-stm32.7-2018-q2-update.win32_1.5.0.202011040924/tools/bin/../lib/gcc/arm-none-eabi/7.3.1/../../../../arm-none-eabi/lib/thumb/v7e-m/crt0.o (memset)
c:/st/stm32cubeide_1.4.0/stm32cubeide/plugins/com.st.stm32cube.ide.mcu.externaltools.gnu-tools-for-stm32.7-2018-q2-update.win32_1.5.0.202011040924/tools/bin/../lib/gcc/arm-none-eabi/7.3.1/../../../../arm-none-eabi/lib/thumb/v7e-m\libc_nano.a(lib_a-strlen.o)
                              Src/005spi_tx_only_arudino.o (strlen)
c:/st/stm32cubeide_1.4.0/stm32cubeide/plugins/com.st.stm32cube.ide.mcu.externaltools.gnu-tools-for-stm32.7-2018-q2-update.win32_1.5.0.202011040924/tools/bin/../lib/gcc/arm-none-eabi/7.3.1/../../../../arm-none-eabi/lib/thumb/v7e-m\libnosys.a(_exit.o)
                              c:/st/stm32cubeide_1.4.0/stm32cubeide/plugins/com.st.stm32cube.ide.mcu.externaltools.gnu-tools-for-stm32.7-2018-q2-update.win32_1.5.0.202011040924/tools/bin/../lib/gcc/arm-none-eabi/7.3.1/../../../../arm-none-eabi/lib/thumb/v7e-m\libc_nano.a(lib_a-exit.o) (_exit)

Discarded input sections

 .text          0x0000000000000000        0x0 c:/st/stm32cubeide_1.4.0/stm32cubeide/plugins/com.st.stm32cube.ide.mcu.externaltools.gnu-tools-for-stm32.7-2018-q2-update.win32_1.5.0.202011040924/tools/bin/../lib/gcc/arm-none-eabi/7.3.1/thumb/v7e-m/crti.o
 .data          0x0000000000000000        0x0 c:/st/stm32cubeide_1.4.0/stm32cubeide/plugins/com.st.stm32cube.ide.mcu.externaltools.gnu-tools-for-stm32.7-2018-q2-update.win32_1.5.0.202011040924/tools/bin/../lib/gcc/arm-none-eabi/7.3.1/thumb/v7e-m/crti.o
 .bss           0x0000000000000000        0x0 c:/st/stm32cubeide_1.4.0/stm32cubeide/plugins/com.st.stm32cube.ide.mcu.externaltools.gnu-tools-for-stm32.7-2018-q2-update.win32_1.5.0.202011040924/tools/bin/../lib/gcc/arm-none-eabi/7.3.1/thumb/v7e-m/crti.o
 .data          0x0000000000000000        0x4 c:/st/stm32cubeide_1.4.0/stm32cubeide/plugins/com.st.stm32cube.ide.mcu.externaltools.gnu-tools-for-stm32.7-2018-q2-update.win32_1.5.0.202011040924/tools/bin/../lib/gcc/arm-none-eabi/7.3.1/thumb/v7e-m/crtbegin.o
 .text          0x0000000000000000       0x74 c:/st/stm32cubeide_1.4.0/stm32cubeide/plugins/com.st.stm32cube.ide.mcu.externaltools.gnu-tools-for-stm32.7-2018-q2-update.win32_1.5.0.202011040924/tools/bin/../lib/gcc/arm-none-eabi/7.3.1/../../../../arm-none-eabi/lib/thumb/v7e-m/crt0.o
 .data          0x0000000000000000        0x0 c:/st/stm32cubeide_1.4.0/stm32cubeide/plugins/com.st.stm32cube.ide.mcu.externaltools.gnu-tools-for-stm32.7-2018-q2-update.win32_1.5.0.202011040924/tools/bin/../lib/gcc/arm-none-eabi/7.3.1/../../../../arm-none-eabi/lib/thumb/v7e-m/crt0.o
 .bss           0x0000000000000000        0x0 c:/st/stm32cubeide_1.4.0/stm32cubeide/plugins/com.st.stm32cube.ide.mcu.externaltools.gnu-tools-for-stm32.7-2018-q2-update.win32_1.5.0.202011040924/tools/bin/../lib/gcc/arm-none-eabi/7.3.1/../../../../arm-none-eabi/lib/thumb/v7e-m/crt0.o
 .ARM.extab     0x0000000000000000        0x0 c:/st/stm32cubeide_1.4.0/stm32cubeide/plugins/com.st.stm32cube.ide.mcu.externaltools.gnu-tools-for-stm32.7-2018-q2-update.win32_1.5.0.202011040924/tools/bin/../lib/gcc/arm-none-eabi/7.3.1/../../../../arm-none-eabi/lib/thumb/v7e-m/crt0.o
 .ARM.exidx     0x0000000000000000        0x8 c:/st/stm32cubeide_1.4.0/stm32cubeide/plugins/com.st.stm32cube.ide.mcu.externaltools.gnu-tools-for-stm32.7-2018-q2-update.win32_1.5.0.202011040924/tools/bin/../lib/gcc/arm-none-eabi/7.3.1/../../../../arm-none-eabi/lib/thumb/v7e-m/crt0.o
 .ARM.attributes
                0x0000000000000000       0x1c c:/st/stm32cubeide_1.4.0/stm32cubeide/plugins/com.st.stm32cube.ide.mcu.externaltools.gnu-tools-for-stm32.7-2018-q2-update.win32_1.5.0.202011040924/tools/bin/../lib/gcc/arm-none-eabi/7.3.1/../../../../arm-none-eabi/lib/thumb/v7e-m/crt0.o
 .group         0x0000000000000000        0xc Src/005spi_tx_only_arudino.o
 .group         0x0000000000000000        0xc Src/005spi_tx_only_arudino.o
 .group         0x0000000000000000        0xc Src/005spi_tx_only_arudino.o
 .group         0x0000000000000000        0xc Src/005spi_tx_only_arudino.o
 .group         0x0000000000000000        0xc Src/005spi_tx_only_arudino.o
 .group         0x0000000000000000        0xc Src/005spi_tx_only_arudino.o
 .group         0x0000000000000000        0xc Src/005spi_tx_only_arudino.o
 .group         0x0000000000000000        0xc Src/005spi_tx_only_arudino.o
 .group         0x0000000000000000        0xc Src/005spi_tx_only_arudino.o
 .group         0x0000000000000000        0xc Src/005spi_tx_only_arudino.o
 .group         0x0000000000000000        0xc Src/005spi_tx_only_arudino.o
 .group         0x0000000000000000        0xc Src/005spi_tx_only_arudino.o
 .group         0x0000000000000000        0xc Src/005spi_tx_only_arudino.o
 .group         0x0000000000000000        0xc Src/005spi_tx_only_arudino.o
 .group         0x0000000000000000        0xc Src/005spi_tx_only_arudino.o
 .group         0x0000000000000000        0xc Src/005spi_tx_only_arudino.o
 .group         0x0000000000000000        0xc Src/005spi_tx_only_arudino.o
 .group         0x0000000000000000        0xc Src/005spi_tx_only_arudino.o
 .group         0x0000000000000000        0xc Src/005spi_tx_only_arudino.o
 .group         0x0000000000000000        0xc Src/005spi_tx_only_arudino.o
 .group         0x0000000000000000        0xc Src/005spi_tx_only_arudino.o
 .group         0x0000000000000000        0xc Src/005spi_tx_only_arudino.o
 .group         0x0000000000000000        0xc Src/005spi_tx_only_arudino.o
 .group         0x0000000000000000        0xc Src/005spi_tx_only_arudino.o
 .group         0x0000000000000000        0xc Src/005spi_tx_only_arudino.o
 .text          0x0000000000000000        0x0 Src/005spi_tx_only_arudino.o
 .data          0x0000000000000000        0x0 Src/005spi_tx_only_arudino.o
 .bss           0x0000000000000000        0x0 Src/005spi_tx_only_arudino.o
 .text          0x0000000000000000       0x14 Startup/startup_stm32f303retx.o
 .data          0x0000000000000000        0x0 Startup/startup_stm32f303retx.o
 .bss           0x0000000000000000        0x0 Startup/startup_stm32f303retx.o
 .group         0x0000000000000000        0xc drivers/src/stm32f3xx_gpio_driver.o
 .group         0x0000000000000000        0xc drivers/src/stm32f3xx_gpio_driver.o
 .group         0x0000000000000000        0xc drivers/src/stm32f3xx_gpio_driver.o
 .group         0x0000000000000000        0xc drivers/src/stm32f3xx_gpio_driver.o
 .group         0x0000000000000000        0xc drivers/src/stm32f3xx_gpio_driver.o
 .group         0x0000000000000000        0xc drivers/src/stm32f3xx_gpio_driver.o
 .group         0x0000000000000000        0xc drivers/src/stm32f3xx_gpio_driver.o
 .group         0x0000000000000000        0xc drivers/src/stm32f3xx_gpio_driver.o
 .group         0x0000000000000000        0xc drivers/src/stm32f3xx_gpio_driver.o
 .group         0x0000000000000000        0xc drivers/src/stm32f3xx_gpio_driver.o
 .group         0x0000000000000000        0xc drivers/src/stm32f3xx_gpio_driver.o
 .text          0x0000000000000000        0x0 drivers/src/stm32f3xx_gpio_driver.o
 .data          0x0000000000000000        0x0 drivers/src/stm32f3xx_gpio_driver.o
 .bss           0x0000000000000000        0x0 drivers/src/stm32f3xx_gpio_driver.o
 .text.GPIO_DeInit
                0x0000000000000000      0x140 drivers/src/stm32f3xx_gpio_driver.o
 .text.GPIO_ReadFromInputPort
                0x0000000000000000       0x1a drivers/src/stm32f3xx_gpio_driver.o
 .text.GPIO_WriteToOutputPin
                0x0000000000000000       0x48 drivers/src/stm32f3xx_gpio_driver.o
 .text.GPIO_WriteToOutputPort
                0x0000000000000000       0x1c drivers/src/stm32f3xx_gpio_driver.o
 .text.GPIO_ToggleOutputPin
                0x0000000000000000       0x28 drivers/src/stm32f3xx_gpio_driver.o
 .text.GPIO_IRQInterruptCofig
                0x0000000000000000       0xfc drivers/src/stm32f3xx_gpio_driver.o
 .text.GPIO_IRQPriorityConfig
                0x0000000000000000       0x52 drivers/src/stm32f3xx_gpio_driver.o
 .text.GPIO_IRQHandling
                0x0000000000000000       0x40 drivers/src/stm32f3xx_gpio_driver.o
 .debug_macro   0x0000000000000000      0xa66 drivers/src/stm32f3xx_gpio_driver.o
 .debug_macro   0x0000000000000000       0x10 drivers/src/stm32f3xx_gpio_driver.o
 .debug_macro   0x0000000000000000       0x22 drivers/src/stm32f3xx_gpio_driver.o
 .debug_macro   0x0000000000000000       0x8e drivers/src/stm32f3xx_gpio_driver.o
 .debug_macro   0x0000000000000000       0x51 drivers/src/stm32f3xx_gpio_driver.o
 .debug_macro   0x0000000000000000       0xef drivers/src/stm32f3xx_gpio_driver.o
 .debug_macro   0x0000000000000000       0x6a drivers/src/stm32f3xx_gpio_driver.o
 .debug_macro   0x0000000000000000      0x1df drivers/src/stm32f3xx_gpio_driver.o
 .debug_macro   0x0000000000000000      0x4d0 drivers/src/stm32f3xx_gpio_driver.o
 .debug_macro   0x0000000000000000       0xbe drivers/src/stm32f3xx_gpio_driver.o
 .group         0x0000000000000000        0xc drivers/src/stm32f3xx_spi.o
 .group         0x0000000000000000        0xc drivers/src/stm32f3xx_spi.o
 .group         0x0000000000000000        0xc drivers/src/stm32f3xx_spi.o
 .group         0x0000000000000000        0xc drivers/src/stm32f3xx_spi.o
 .group         0x0000000000000000        0xc drivers/src/stm32f3xx_spi.o
 .group         0x0000000000000000        0xc drivers/src/stm32f3xx_spi.o
 .group         0x0000000000000000        0xc drivers/src/stm32f3xx_spi.o
 .group         0x0000000000000000        0xc drivers/src/stm32f3xx_spi.o
 .group         0x0000000000000000        0xc drivers/src/stm32f3xx_spi.o
 .group         0x0000000000000000        0xc drivers/src/stm32f3xx_spi.o
 .group         0x0000000000000000        0xc drivers/src/stm32f3xx_spi.o
 .text          0x0000000000000000        0x0 drivers/src/stm32f3xx_spi.o
 .data          0x0000000000000000        0x0 drivers/src/stm32f3xx_spi.o
 .bss           0x0000000000000000        0x0 drivers/src/stm32f3xx_spi.o
 .text.SPI_DeInit
                0x0000000000000000       0xb0 drivers/src/stm32f3xx_spi.o
 .text.SPI_RecieveData
                0x0000000000000000       0x16 drivers/src/stm32f3xx_spi.o
 .text.SPI_IRQInterruptCofig
                0x0000000000000000       0x1a drivers/src/stm32f3xx_spi.o
 .text.SPI_IRQPriorityConfig
                0x0000000000000000       0x16 drivers/src/stm32f3xx_spi.o
 .text.SPI_IRQHandling
                0x0000000000000000       0x12 drivers/src/stm32f3xx_spi.o
 .debug_macro   0x0000000000000000      0xa66 drivers/src/stm32f3xx_spi.o
 .debug_macro   0x0000000000000000       0x22 drivers/src/stm32f3xx_spi.o
 .debug_macro   0x0000000000000000       0x8e drivers/src/stm32f3xx_spi.o
 .debug_macro   0x0000000000000000       0x51 drivers/src/stm32f3xx_spi.o
 .debug_macro   0x0000000000000000       0xef drivers/src/stm32f3xx_spi.o
 .debug_macro   0x0000000000000000       0x6a drivers/src/stm32f3xx_spi.o
 .debug_macro   0x0000000000000000      0x1df drivers/src/stm32f3xx_spi.o
 .debug_macro   0x0000000000000000      0x4d0 drivers/src/stm32f3xx_spi.o
 .debug_macro   0x0000000000000000       0x10 drivers/src/stm32f3xx_spi.o
 .debug_macro   0x0000000000000000       0xbe drivers/src/stm32f3xx_spi.o
 .debug_macro   0x0000000000000000       0xac drivers/src/stm32f3xx_spi.o
 .text          0x0000000000000000        0x0 c:/st/stm32cubeide_1.4.0/stm32cubeide/plugins/com.st.stm32cube.ide.mcu.externaltools.gnu-tools-for-stm32.7-2018-q2-update.win32_1.5.0.202011040924/tools/bin/../lib/gcc/arm-none-eabi/7.3.1/../../../../arm-none-eabi/lib/thumb/v7e-m\libc_nano.a(lib_a-exit.o)
 .data          0x0000000000000000        0x0 c:/st/stm32cubeide_1.4.0/stm32cubeide/plugins/com.st.stm32cube.ide.mcu.externaltools.gnu-tools-for-stm32.7-2018-q2-update.win32_1.5.0.202011040924/tools/bin/../lib/gcc/arm-none-eabi/7.3.1/../../../../arm-none-eabi/lib/thumb/v7e-m\libc_nano.a(lib_a-exit.o)
 .bss           0x0000000000000000        0x0 c:/st/stm32cubeide_1.4.0/stm32cubeide/plugins/com.st.stm32cube.ide.mcu.externaltools.gnu-tools-for-stm32.7-2018-q2-update.win32_1.5.0.202011040924/tools/bin/../lib/gcc/arm-none-eabi/7.3.1/../../../../arm-none-eabi/lib/thumb/v7e-m\libc_nano.a(lib_a-exit.o)
 .text.exit     0x0000000000000000       0x28 c:/st/stm32cubeide_1.4.0/stm32cubeide/plugins/com.st.stm32cube.ide.mcu.externaltools.gnu-tools-for-stm32.7-2018-q2-update.win32_1.5.0.202011040924/tools/bin/../lib/gcc/arm-none-eabi/7.3.1/../../../../arm-none-eabi/lib/thumb/v7e-m\libc_nano.a(lib_a-exit.o)
 .debug_frame   0x0000000000000000       0x28 c:/st/stm32cubeide_1.4.0/stm32cubeide/plugins/com.st.stm32cube.ide.mcu.externaltools.gnu-tools-for-stm32.7-2018-q2-update.win32_1.5.0.202011040924/tools/bin/../lib/gcc/arm-none-eabi/7.3.1/../../../../arm-none-eabi/lib/thumb/v7e-m\libc_nano.a(lib_a-exit.o)
 .ARM.attributes
                0x0000000000000000       0x2e c:/st/stm32cubeide_1.4.0/stm32cubeide/plugins/com.st.stm32cube.ide.mcu.externaltools.gnu-tools-for-stm32.7-2018-q2-update.win32_1.5.0.202011040924/tools/bin/../lib/gcc/arm-none-eabi/7.3.1/../../../../arm-none-eabi/lib/thumb/v7e-m\libc_nano.a(lib_a-exit.o)
 .text          0x0000000000000000        0x0 c:/st/stm32cubeide_1.4.0/stm32cubeide/plugins/com.st.stm32cube.ide.mcu.externaltools.gnu-tools-for-stm32.7-2018-q2-update.win32_1.5.0.202011040924/tools/bin/../lib/gcc/arm-none-eabi/7.3.1/../../../../arm-none-eabi/lib/thumb/v7e-m\libc_nano.a(lib_a-impure.o)
 .data          0x0000000000000000        0x0 c:/st/stm32cubeide_1.4.0/stm32cubeide/plugins/com.st.stm32cube.ide.mcu.externaltools.gnu-tools-for-stm32.7-2018-q2-update.win32_1.5.0.202011040924/tools/bin/../lib/gcc/arm-none-eabi/7.3.1/../../../../arm-none-eabi/lib/thumb/v7e-m\libc_nano.a(lib_a-impure.o)
 .bss           0x0000000000000000        0x0 c:/st/stm32cubeide_1.4.0/stm32cubeide/plugins/com.st.stm32cube.ide.mcu.externaltools.gnu-tools-for-stm32.7-2018-q2-update.win32_1.5.0.202011040924/tools/bin/../lib/gcc/arm-none-eabi/7.3.1/../../../../arm-none-eabi/lib/thumb/v7e-m\libc_nano.a(lib_a-impure.o)
 .data._impure_ptr
                0x0000000000000000        0x4 c:/st/stm32cubeide_1.4.0/stm32cubeide/plugins/com.st.stm32cube.ide.mcu.externaltools.gnu-tools-for-stm32.7-2018-q2-update.win32_1.5.0.202011040924/tools/bin/../lib/gcc/arm-none-eabi/7.3.1/../../../../arm-none-eabi/lib/thumb/v7e-m\libc_nano.a(lib_a-impure.o)
 .data.impure_data
                0x0000000000000000       0x60 c:/st/stm32cubeide_1.4.0/stm32cubeide/plugins/com.st.stm32cube.ide.mcu.externaltools.gnu-tools-for-stm32.7-2018-q2-update.win32_1.5.0.202011040924/tools/bin/../lib/gcc/arm-none-eabi/7.3.1/../../../../arm-none-eabi/lib/thumb/v7e-m\libc_nano.a(lib_a-impure.o)
 .rodata._global_impure_ptr
                0x0000000000000000        0x4 c:/st/stm32cubeide_1.4.0/stm32cubeide/plugins/com.st.stm32cube.ide.mcu.externaltools.gnu-tools-for-stm32.7-2018-q2-update.win32_1.5.0.202011040924/tools/bin/../lib/gcc/arm-none-eabi/7.3.1/../../../../arm-none-eabi/lib/thumb/v7e-m\libc_nano.a(lib_a-impure.o)
 .ARM.attributes
                0x0000000000000000       0x2e c:/st/stm32cubeide_1.4.0/stm32cubeide/plugins/com.st.stm32cube.ide.mcu.externaltools.gnu-tools-for-stm32.7-2018-q2-update.win32_1.5.0.202011040924/tools/bin/../lib/gcc/arm-none-eabi/7.3.1/../../../../arm-none-eabi/lib/thumb/v7e-m\libc_nano.a(lib_a-impure.o)
 .text          0x0000000000000000        0x0 c:/st/stm32cubeide_1.4.0/stm32cubeide/plugins/com.st.stm32cube.ide.mcu.externaltools.gnu-tools-for-stm32.7-2018-q2-update.win32_1.5.0.202011040924/tools/bin/../lib/gcc/arm-none-eabi/7.3.1/../../../../arm-none-eabi/lib/thumb/v7e-m\libc_nano.a(lib_a-init.o)
 .data          0x0000000000000000        0x0 c:/st/stm32cubeide_1.4.0/stm32cubeide/plugins/com.st.stm32cube.ide.mcu.externaltools.gnu-tools-for-stm32.7-2018-q2-update.win32_1.5.0.202011040924/tools/bin/../lib/gcc/arm-none-eabi/7.3.1/../../../../arm-none-eabi/lib/thumb/v7e-m\libc_nano.a(lib_a-init.o)
 .bss           0x0000000000000000        0x0 c:/st/stm32cubeide_1.4.0/stm32cubeide/plugins/com.st.stm32cube.ide.mcu.externaltools.gnu-tools-for-stm32.7-2018-q2-update.win32_1.5.0.202011040924/tools/bin/../lib/gcc/arm-none-eabi/7.3.1/../../../../arm-none-eabi/lib/thumb/v7e-m\libc_nano.a(lib_a-init.o)
 .text          0x0000000000000000        0x0 c:/st/stm32cubeide_1.4.0/stm32cubeide/plugins/com.st.stm32cube.ide.mcu.externaltools.gnu-tools-for-stm32.7-2018-q2-update.win32_1.5.0.202011040924/tools/bin/../lib/gcc/arm-none-eabi/7.3.1/../../../../arm-none-eabi/lib/thumb/v7e-m\libc_nano.a(lib_a-memset.o)
 .data          0x0000000000000000        0x0 c:/st/stm32cubeide_1.4.0/stm32cubeide/plugins/com.st.stm32cube.ide.mcu.externaltools.gnu-tools-for-stm32.7-2018-q2-update.win32_1.5.0.202011040924/tools/bin/../lib/gcc/arm-none-eabi/7.3.1/../../../../arm-none-eabi/lib/thumb/v7e-m\libc_nano.a(lib_a-memset.o)
 .bss           0x0000000000000000        0x0 c:/st/stm32cubeide_1.4.0/stm32cubeide/plugins/com.st.stm32cube.ide.mcu.externaltools.gnu-tools-for-stm32.7-2018-q2-update.win32_1.5.0.202011040924/tools/bin/../lib/gcc/arm-none-eabi/7.3.1/../../../../arm-none-eabi/lib/thumb/v7e-m\libc_nano.a(lib_a-memset.o)
 .text.memset   0x0000000000000000       0x10 c:/st/stm32cubeide_1.4.0/stm32cubeide/plugins/com.st.stm32cube.ide.mcu.externaltools.gnu-tools-for-stm32.7-2018-q2-update.win32_1.5.0.202011040924/tools/bin/../lib/gcc/arm-none-eabi/7.3.1/../../../../arm-none-eabi/lib/thumb/v7e-m\libc_nano.a(lib_a-memset.o)
 .debug_frame   0x0000000000000000       0x20 c:/st/stm32cubeide_1.4.0/stm32cubeide/plugins/com.st.stm32cube.ide.mcu.externaltools.gnu-tools-for-stm32.7-2018-q2-update.win32_1.5.0.202011040924/tools/bin/../lib/gcc/arm-none-eabi/7.3.1/../../../../arm-none-eabi/lib/thumb/v7e-m\libc_nano.a(lib_a-memset.o)
 .ARM.attributes
                0x0000000000000000       0x2e c:/st/stm32cubeide_1.4.0/stm32cubeide/plugins/com.st.stm32cube.ide.mcu.externaltools.gnu-tools-for-stm32.7-2018-q2-update.win32_1.5.0.202011040924/tools/bin/../lib/gcc/arm-none-eabi/7.3.1/../../../../arm-none-eabi/lib/thumb/v7e-m\libc_nano.a(lib_a-memset.o)
 .data          0x0000000000000000        0x0 c:/st/stm32cubeide_1.4.0/stm32cubeide/plugins/com.st.stm32cube.ide.mcu.externaltools.gnu-tools-for-stm32.7-2018-q2-update.win32_1.5.0.202011040924/tools/bin/../lib/gcc/arm-none-eabi/7.3.1/../../../../arm-none-eabi/lib/thumb/v7e-m\libc_nano.a(lib_a-strlen.o)
 .bss           0x0000000000000000        0x0 c:/st/stm32cubeide_1.4.0/stm32cubeide/plugins/com.st.stm32cube.ide.mcu.externaltools.gnu-tools-for-stm32.7-2018-q2-update.win32_1.5.0.202011040924/tools/bin/../lib/gcc/arm-none-eabi/7.3.1/../../../../arm-none-eabi/lib/thumb/v7e-m\libc_nano.a(lib_a-strlen.o)
 .text          0x0000000000000000        0x0 c:/st/stm32cubeide_1.4.0/stm32cubeide/plugins/com.st.stm32cube.ide.mcu.externaltools.gnu-tools-for-stm32.7-2018-q2-update.win32_1.5.0.202011040924/tools/bin/../lib/gcc/arm-none-eabi/7.3.1/../../../../arm-none-eabi/lib/thumb/v7e-m\libnosys.a(_exit.o)
 .data          0x0000000000000000        0x0 c:/st/stm32cubeide_1.4.0/stm32cubeide/plugins/com.st.stm32cube.ide.mcu.externaltools.gnu-tools-for-stm32.7-2018-q2-update.win32_1.5.0.202011040924/tools/bin/../lib/gcc/arm-none-eabi/7.3.1/../../../../arm-none-eabi/lib/thumb/v7e-m\libnosys.a(_exit.o)
 .bss           0x0000000000000000        0x0 c:/st/stm32cubeide_1.4.0/stm32cubeide/plugins/com.st.stm32cube.ide.mcu.externaltools.gnu-tools-for-stm32.7-2018-q2-update.win32_1.5.0.202011040924/tools/bin/../lib/gcc/arm-none-eabi/7.3.1/../../../../arm-none-eabi/lib/thumb/v7e-m\libnosys.a(_exit.o)
 .text._exit    0x0000000000000000        0x2 c:/st/stm32cubeide_1.4.0/stm32cubeide/plugins/com.st.stm32cube.ide.mcu.externaltools.gnu-tools-for-stm32.7-2018-q2-update.win32_1.5.0.202011040924/tools/bin/../lib/gcc/arm-none-eabi/7.3.1/../../../../arm-none-eabi/lib/thumb/v7e-m\libnosys.a(_exit.o)
 .debug_frame   0x0000000000000000       0x20 c:/st/stm32cubeide_1.4.0/stm32cubeide/plugins/com.st.stm32cube.ide.mcu.externaltools.gnu-tools-for-stm32.7-2018-q2-update.win32_1.5.0.202011040924/tools/bin/../lib/gcc/arm-none-eabi/7.3.1/../../../../arm-none-eabi/lib/thumb/v7e-m\libnosys.a(_exit.o)
 .ARM.attributes
                0x0000000000000000       0x2e c:/st/stm32cubeide_1.4.0/stm32cubeide/plugins/com.st.stm32cube.ide.mcu.externaltools.gnu-tools-for-stm32.7-2018-q2-update.win32_1.5.0.202011040924/tools/bin/../lib/gcc/arm-none-eabi/7.3.1/../../../../arm-none-eabi/lib/thumb/v7e-m\libnosys.a(_exit.o)
 .text          0x0000000000000000        0x0 c:/st/stm32cubeide_1.4.0/stm32cubeide/plugins/com.st.stm32cube.ide.mcu.externaltools.gnu-tools-for-stm32.7-2018-q2-update.win32_1.5.0.202011040924/tools/bin/../lib/gcc/arm-none-eabi/7.3.1/thumb/v7e-m/crtend.o
 .data          0x0000000000000000        0x0 c:/st/stm32cubeide_1.4.0/stm32cubeide/plugins/com.st.stm32cube.ide.mcu.externaltools.gnu-tools-for-stm32.7-2018-q2-update.win32_1.5.0.202011040924/tools/bin/../lib/gcc/arm-none-eabi/7.3.1/thumb/v7e-m/crtend.o
 .bss           0x0000000000000000        0x0 c:/st/stm32cubeide_1.4.0/stm32cubeide/plugins/com.st.stm32cube.ide.mcu.externaltools.gnu-tools-for-stm32.7-2018-q2-update.win32_1.5.0.202011040924/tools/bin/../lib/gcc/arm-none-eabi/7.3.1/thumb/v7e-m/crtend.o
 .eh_frame      0x0000000000000000        0x4 c:/st/stm32cubeide_1.4.0/stm32cubeide/plugins/com.st.stm32cube.ide.mcu.externaltools.gnu-tools-for-stm32.7-2018-q2-update.win32_1.5.0.202011040924/tools/bin/../lib/gcc/arm-none-eabi/7.3.1/thumb/v7e-m/crtend.o
 .ARM.attributes
                0x0000000000000000       0x2e c:/st/stm32cubeide_1.4.0/stm32cubeide/plugins/com.st.stm32cube.ide.mcu.externaltools.gnu-tools-for-stm32.7-2018-q2-update.win32_1.5.0.202011040924/tools/bin/../lib/gcc/arm-none-eabi/7.3.1/thumb/v7e-m/crtend.o
 .text          0x0000000000000000        0x0 c:/st/stm32cubeide_1.4.0/stm32cubeide/plugins/com.st.stm32cube.ide.mcu.externaltools.gnu-tools-for-stm32.7-2018-q2-update.win32_1.5.0.202011040924/tools/bin/../lib/gcc/arm-none-eabi/7.3.1/thumb/v7e-m/crtn.o
 .data          0x0000000000000000        0x0 c:/st/stm32cubeide_1.4.0/stm32cubeide/plugins/com.st.stm32cube.ide.mcu.externaltools.gnu-tools-for-stm32.7-2018-q2-update.win32_1.5.0.202011040924/tools/bin/../lib/gcc/arm-none-eabi/7.3.1/thumb/v7e-m/crtn.o
 .bss           0x0000000000000000        0x0 c:/st/stm32cubeide_1.4.0/stm32cubeide/plugins/com.st.stm32cube.ide.mcu.externaltools.gnu-tools-for-stm32.7-2018-q2-update.win32_1.5.0.202011040924/tools/bin/../lib/gcc/arm-none-eabi/7.3.1/thumb/v7e-m/crtn.o

Memory Configuration

Name             Origin             Length             Attributes
RAM              0x0000000020000000 0x0000000000010000 xrw
FLASH            0x0000000008000000 0x0000000000080000 xr
*default*        0x0000000000000000 0xffffffffffffffff

Linker script and memory map

LOAD c:/st/stm32cubeide_1.4.0/stm32cubeide/plugins/com.st.stm32cube.ide.mcu.externaltools.gnu-tools-for-stm32.7-2018-q2-update.win32_1.5.0.202011040924/tools/bin/../lib/gcc/arm-none-eabi/7.3.1/thumb/v7e-m/crti.o
LOAD c:/st/stm32cubeide_1.4.0/stm32cubeide/plugins/com.st.stm32cube.ide.mcu.externaltools.gnu-tools-for-stm32.7-2018-q2-update.win32_1.5.0.202011040924/tools/bin/../lib/gcc/arm-none-eabi/7.3.1/thumb/v7e-m/crtbegin.o
LOAD c:/st/stm32cubeide_1.4.0/stm32cubeide/plugins/com.st.stm32cube.ide.mcu.externaltools.gnu-tools-for-stm32.7-2018-q2-update.win32_1.5.0.202011040924/tools/bin/../lib/gcc/arm-none-eabi/7.3.1/../../../../arm-none-eabi/lib/thumb/v7e-m/crt0.o
LOAD Src/005spi_tx_only_arudino.o
LOAD Startup/startup_stm32f303retx.o
LOAD drivers/src/stm32f3xx_gpio_driver.o
LOAD drivers/src/stm32f3xx_spi.o
START GROUP
LOAD c:/st/stm32cubeide_1.4.0/stm32cubeide/plugins/com.st.stm32cube.ide.mcu.externaltools.gnu-tools-for-stm32.7-2018-q2-update.win32_1.5.0.202011040924/tools/bin/../lib/gcc/arm-none-eabi/7.3.1/../../../../arm-none-eabi/lib/thumb/v7e-m\libc_nano.a
LOAD c:/st/stm32cubeide_1.4.0/stm32cubeide/plugins/com.st.stm32cube.ide.mcu.externaltools.gnu-tools-for-stm32.7-2018-q2-update.win32_1.5.0.202011040924/tools/bin/../lib/gcc/arm-none-eabi/7.3.1/../../../../arm-none-eabi/lib/thumb/v7e-m\libm.a
END GROUP
START GROUP
LOAD c:/st/stm32cubeide_1.4.0/stm32cubeide/plugins/com.st.stm32cube.ide.mcu.externaltools.gnu-tools-for-stm32.7-2018-q2-update.win32_1.5.0.202011040924/tools/bin/../lib/gcc/arm-none-eabi/7.3.1/thumb/v7e-m\libgcc.a
LOAD c:/st/stm32cubeide_1.4.0/stm32cubeide/plugins/com.st.stm32cube.ide.mcu.externaltools.gnu-tools-for-stm32.7-2018-q2-update.win32_1.5.0.202011040924/tools/bin/../lib/gcc/arm-none-eabi/7.3.1/../../../../arm-none-eabi/lib/thumb/v7e-m\libc_nano.a
END GROUP
START GROUP
LOAD c:/st/stm32cubeide_1.4.0/stm32cubeide/plugins/com.st.stm32cube.ide.mcu.externaltools.gnu-tools-for-stm32.7-2018-q2-update.win32_1.5.0.202011040924/tools/bin/../lib/gcc/arm-none-eabi/7.3.1/thumb/v7e-m\libgcc.a
LOAD c:/st/stm32cubeide_1.4.0/stm32cubeide/plugins/com.st.stm32cube.ide.mcu.externaltools.gnu-tools-for-stm32.7-2018-q2-update.win32_1.5.0.202011040924/tools/bin/../lib/gcc/arm-none-eabi/7.3.1/../../../../arm-none-eabi/lib/thumb/v7e-m\libc_nano.a
LOAD c:/st/stm32cubeide_1.4.0/stm32cubeide/plugins/com.st.stm32cube.ide.mcu.externaltools.gnu-tools-for-stm32.7-2018-q2-update.win32_1.5.0.202011040924/tools/bin/../lib/gcc/arm-none-eabi/7.3.1/../../../../arm-none-eabi/lib/thumb/v7e-m\libnosys.a
END GROUP
START GROUP
LOAD c:/st/stm32cubeide_1.4.0/stm32cubeide/plugins/com.st.stm32cube.ide.mcu.externaltools.gnu-tools-for-stm32.7-2018-q2-update.win32_1.5.0.202011040924/tools/bin/../lib/gcc/arm-none-eabi/7.3.1/thumb/v7e-m\libgcc.a
LOAD c:/st/stm32cubeide_1.4.0/stm32cubeide/plugins/com.st.stm32cube.ide.mcu.externaltools.gnu-tools-for-stm32.7-2018-q2-update.win32_1.5.0.202011040924/tools/bin/../lib/gcc/arm-none-eabi/7.3.1/../../../../arm-none-eabi/lib/thumb/v7e-m\libc_nano.a
LOAD c:/st/stm32cubeide_1.4.0/stm32cubeide/plugins/com.st.stm32cube.ide.mcu.externaltools.gnu-tools-for-stm32.7-2018-q2-update.win32_1.5.0.202011040924/tools/bin/../lib/gcc/arm-none-eabi/7.3.1/../../../../arm-none-eabi/lib/thumb/v7e-m\libnosys.a
END GROUP
LOAD c:/st/stm32cubeide_1.4.0/stm32cubeide/plugins/com.st.stm32cube.ide.mcu.externaltools.gnu-tools-for-stm32.7-2018-q2-update.win32_1.5.0.202011040924/tools/bin/../lib/gcc/arm-none-eabi/7.3.1/thumb/v7e-m/crtend.o
LOAD c:/st/stm32cubeide_1.4.0/stm32cubeide/plugins/com.st.stm32cube.ide.mcu.externaltools.gnu-tools-for-stm32.7-2018-q2-update.win32_1.5.0.202011040924/tools/bin/../lib/gcc/arm-none-eabi/7.3.1/thumb/v7e-m/crtn.o
                0x0000000020010000                _estack = (ORIGIN (RAM) + LENGTH (RAM))
                0x0000000000000200                _Min_Heap_Size = 0x200
                0x0000000000000400                _Min_Stack_Size = 0x400

.isr_vector     0x0000000008000000      0x194
                0x0000000008000000                . = ALIGN (0x4)
 *(.isr_vector)
 .isr_vector    0x0000000008000000      0x194 Startup/startup_stm32f303retx.o
                0x0000000008000000                g_pfnVectors
                0x0000000008000194                . = ALIGN (0x4)

.text           0x0000000008000194      0xa68
                0x0000000008000194                . = ALIGN (0x4)
 *(.text)
 .text          0x0000000008000194       0x40 c:/st/stm32cubeide_1.4.0/stm32cubeide/plugins/com.st.stm32cube.ide.mcu.externaltools.gnu-tools-for-stm32.7-2018-q2-update.win32_1.5.0.202011040924/tools/bin/../lib/gcc/arm-none-eabi/7.3.1/thumb/v7e-m/crtbegin.o
 .text          0x00000000080001d4       0x10 c:/st/stm32cubeide_1.4.0/stm32cubeide/plugins/com.st.stm32cube.ide.mcu.externaltools.gnu-tools-for-stm32.7-2018-q2-update.win32_1.5.0.202011040924/tools/bin/../lib/gcc/arm-none-eabi/7.3.1/../../../../arm-none-eabi/lib/thumb/v7e-m\libc_nano.a(lib_a-strlen.o)
                0x00000000080001d4                strlen
 *(.text*)
 .text.SPI2_GPIOInits
                0x00000000080001e4       0x50 Src/005spi_tx_only_arudino.o
                0x00000000080001e4                SPI2_GPIOInits
 .text.GPIO_ButtonInit
                0x0000000008000234       0x38 Src/005spi_tx_only_arudino.o
                0x0000000008000234                GPIO_ButtonInit
 .text.SPI2_Inits
                0x000000000800026c       0x3c Src/005spi_tx_only_arudino.o
                0x000000000800026c                SPI2_Inits
 .text.delay    0x00000000080002a8       0x38 Src/005spi_tx_only_arudino.o
                0x00000000080002a8                delay
 .text.main     0x00000000080002e0       0x9c Src/005spi_tx_only_arudino.o
                0x00000000080002e0                main
 .text.Reset_Handler
                0x000000000800037c       0x50 Startup/startup_stm32f303retx.o
                0x000000000800037c                Reset_Handler
 .text.Default_Handler
                0x00000000080003cc        0x2 Startup/startup_stm32f303retx.o
                0x00000000080003cc                TIM8_TRG_COM_IRQHandler
                0x00000000080003cc                TIM8_CC_IRQHandler
                0x00000000080003cc                DebugMon_Handler
                0x00000000080003cc                DMA1_CH4_IRQHandler
                0x00000000080003cc                SPI4_IRQHandler
                0x00000000080003cc                TIM1_CC_IRQHandler
                0x00000000080003cc                HardFault_Handler
                0x00000000080003cc                USB_HP_IRQHandler
                0x00000000080003cc                I2C2_EV_EXTI24_IRQHandler
                0x00000000080003cc                SysTick_Handler
                0x00000000080003cc                USB_WKUP_EXTI_IRQHandler
                0x00000000080003cc                PVD_IRQHandler
                0x00000000080003cc                UART4_EXTI34_IRQHandler
                0x00000000080003cc                TAMP_STAMP_IRQHandler
                0x00000000080003cc                PendSV_Handler
                0x00000000080003cc                NMI_Handler
                0x00000000080003cc                EXTI3_IRQHandler
                0x00000000080003cc                I2C3_ER_IRQHandler
                0x00000000080003cc                TIM6_DACUNDER_IRQHandler
                0x00000000080003cc                USB_HP_CAN_TX_IRQHandler
                0x00000000080003cc                EXTI0_IRQHandler
                0x00000000080003cc                DMA2_CH1_IRQHandler
                0x00000000080003cc                FPU_IRQHandler
                0x00000000080003cc                TIM1_UP_TIM16_IRQHandler
                0x00000000080003cc                UsageFault_Handler
                0x00000000080003cc                ADC1_2_IRQHandler
                0x00000000080003cc                SPI1_IRQHandler
                0x00000000080003cc                CAN_SCE_IRQHandler
                0x00000000080003cc                DMA1_CH7_IRQHandler
                0x00000000080003cc                TIM8_UP_IRQHandler
                0x00000000080003cc                COMP456_IRQHandler
                0x00000000080003cc                DMA1_CH6_IRQHandler
                0x00000000080003cc                TIM20_TRG_COM_IRQHandler
                0x00000000080003cc                ADC3_IRQHandler
                0x00000000080003cc                TIM4_IRQHandler
                0x00000000080003cc                CAN_RX1_IRQHandler
                0x00000000080003cc                USART1_EXTI25_IRQHandler
                0x00000000080003cc                DMA2_CH5_IRQHandler
                0x00000000080003cc                I2C1_EV_EXTI23_IRQHandler
                0x00000000080003cc                DMA1_CH3_IRQHandler
                0x00000000080003cc                TIM3_IRQHandler
                0x00000000080003cc                RCC_IRQHandler
                0x00000000080003cc                TIM20_UP_IRQHandler
                0x00000000080003cc                Default_Handler
                0x00000000080003cc                EXTI15_10_IRQHandler
                0x00000000080003cc                USART2_EXTI26_IRQHandler
                0x00000000080003cc                USART3_EXTI28_IRQHandler
                0x00000000080003cc                TIM7_IRQHandler
                0x00000000080003cc                I2C3_EV_IRQHandler
                0x00000000080003cc                EXTI9_5_IRQHandler
                0x00000000080003cc                DMA1_CH2_IRQHandler
                0x00000000080003cc                RTC_WKUP_IRQHandler
                0x00000000080003cc                SPI2_IRQHandler
                0x00000000080003cc                DMA1_CH1_IRQHandler
                0x00000000080003cc                USB_LP_CAN_RX0_IRQHandler
                0x00000000080003cc                MemManage_Handler
                0x00000000080003cc                COMP123_IRQHandler
                0x00000000080003cc                SVC_Handler
                0x00000000080003cc                USB_LP_IRQHandler
                0x00000000080003cc                EXTI4_IRQHandler
                0x00000000080003cc                TIM1_TRG_COM_TIM17_IRQHandler
                0x00000000080003cc                ADC4_IRQHandler
                0x00000000080003cc                WWDG_IRQHandler
                0x00000000080003cc                TIM2_IRQHandler
                0x00000000080003cc                COMP7_IRQHandler
                0x00000000080003cc                EXTI1_IRQHandler
                0x00000000080003cc                RTCAlarm_IRQHandler
                0x00000000080003cc                UART5_EXTI35_IRQHandler
                0x00000000080003cc                TIM20_BRK_IRQHandler
                0x00000000080003cc                I2C2_ER_IRQHandler
                0x00000000080003cc                TIM8_BRK_IRQHandler
                0x00000000080003cc                FLASH_IRQHandler
                0x00000000080003cc                TIM20_CC_IRQHandler
                0x00000000080003cc                BusFault_Handler
                0x00000000080003cc                SPI3_IRQHandler
                0x00000000080003cc                DMA2_CH3_IRQHandler
                0x00000000080003cc                DMA2_CH2_IRQHandler
                0x00000000080003cc                I2C1_ER_IRQHandler
                0x00000000080003cc                FMC_IRQHandler
                0x00000000080003cc                DMA1_CH5_IRQHandler
                0x00000000080003cc                DMA2_CH4_IRQHandler
                0x00000000080003cc                USB_WKUP_IRQHandler
                0x00000000080003cc                EXTI2_TSC_IRQHandler
                0x00000000080003cc                TIM1_BRK_TIM15_IRQHandler
 *fill*         0x00000000080003ce        0x2 
 .text.GPIO_PeriClockControl
                0x00000000080003d0      0x19c drivers/src/stm32f3xx_gpio_driver.o
                0x00000000080003d0                GPIO_PeriClockControl
 .text.GPIO_Init
                0x000000000800056c      0x32c drivers/src/stm32f3xx_gpio_driver.o
                0x000000000800056c                GPIO_Init
 .text.GPIO_ReadFromInputPin
                0x0000000008000898       0x2a drivers/src/stm32f3xx_gpio_driver.o
                0x0000000008000898                GPIO_ReadFromInputPin
 *fill*         0x00000000080008c2        0x2 
 .text.SPI_PeriClockControl
                0x00000000080008c4       0xe0 drivers/src/stm32f3xx_spi.o
                0x00000000080008c4                SPI_PeriClockControl
 .text.SPI_Init
                0x00000000080009a4       0xb6 drivers/src/stm32f3xx_spi.o
                0x00000000080009a4                SPI_Init
 .text.SPI_GetFlagStatus
                0x0000000008000a5a       0x26 drivers/src/stm32f3xx_spi.o
                0x0000000008000a5a                SPI_GetFlagStatus
 .text.SPI_SendData
                0x0000000008000a80       0x78 drivers/src/stm32f3xx_spi.o
                0x0000000008000a80                SPI_SendData
 .text.SPI_PeripheralControl
                0x0000000008000af8       0x36 drivers/src/stm32f3xx_spi.o
                0x0000000008000af8                SPI_PeripheralControl
 .text.SPI_SSIConfig
                0x0000000008000b2e       0x36 drivers/src/stm32f3xx_spi.o
                0x0000000008000b2e                SPI_SSIConfig
 .text.SPI_SSOEConfig
                0x0000000008000b64       0x36 drivers/src/stm32f3xx_spi.o
                0x0000000008000b64                SPI_SSOEConfig
 *fill*         0x0000000008000b9a        0x2 
 .text.__libc_init_array
                0x0000000008000b9c       0x48 c:/st/stm32cubeide_1.4.0/stm32cubeide/plugins/com.st.stm32cube.ide.mcu.externaltools.gnu-tools-for-stm32.7-2018-q2-update.win32_1.5.0.202011040924/tools/bin/../lib/gcc/arm-none-eabi/7.3.1/../../../../arm-none-eabi/lib/thumb/v7e-m\libc_nano.a(lib_a-init.o)
                0x0000000008000b9c                __libc_init_array
 *(.glue_7)
 .glue_7        0x0000000008000be4        0x0 linker stubs
 *(.glue_7t)
 .glue_7t       0x0000000008000be4        0x0 linker stubs
 *(.eh_frame)
 .eh_frame      0x0000000008000be4        0x0 c:/st/stm32cubeide_1.4.0/stm32cubeide/plugins/com.st.stm32cube.ide.mcu.externaltools.gnu-tools-for-stm32.7-2018-q2-update.win32_1.5.0.202011040924/tools/bin/../lib/gcc/arm-none-eabi/7.3.1/thumb/v7e-m/crtbegin.o
 *(.init)
 .init          0x0000000008000be4        0x4 c:/st/stm32cubeide_1.4.0/stm32cubeide/plugins/com.st.stm32cube.ide.mcu.externaltools.gnu-tools-for-stm32.7-2018-q2-update.win32_1.5.0.202011040924/tools/bin/../lib/gcc/arm-none-eabi/7.3.1/thumb/v7e-m/crti.o
                0x0000000008000be4                _init
 .init          0x0000000008000be8        0x8 c:/st/stm32cubeide_1.4.0/stm32cubeide/plugins/com.st.stm32cube.ide.mcu.externaltools.gnu-tools-for-stm32.7-2018-q2-update.win32_1.5.0.202011040924/tools/bin/../lib/gcc/arm-none-eabi/7.3.1/thumb/v7e-m/crtn.o
 *(.fini)
 .fini          0x0000000008000bf0        0x4 c:/st/stm32cubeide_1.4.0/stm32cubeide/plugins/com.st.stm32cube.ide.mcu.externaltools.gnu-tools-for-stm32.7-2018-q2-update.win32_1.5.0.202011040924/tools/bin/../lib/gcc/arm-none-eabi/7.3.1/thumb/v7e-m/crti.o
                0x0000000008000bf0                _fini
 .fini          0x0000000008000bf4        0x8 c:/st/stm32cubeide_1.4.0/stm32cubeide/plugins/com.st.stm32cube.ide.mcu.externaltools.gnu-tools-for-stm32.7-2018-q2-update.win32_1.5.0.202011040924/tools/bin/../lib/gcc/arm-none-eabi/7.3.1/thumb/v7e-m/crtn.o
                0x0000000008000bfc                . = ALIGN (0x4)
                0x0000000008000bfc                _etext = .

.vfp11_veneer   0x0000000008000bfc        0x0
 .vfp11_veneer  0x0000000008000bfc        0x0 linker stubs

.v4_bx          0x0000000008000bfc        0x0
 .v4_bx         0x0000000008000bfc        0x0 linker stubs

.iplt           0x0000000008000bfc        0x0
 .iplt          0x0000000008000bfc        0x0 c:/st/stm32cubeide_1.4.0/stm32cubeide/plugins/com.st.stm32cube.ide.mcu.externaltools.gnu-tools-for-stm32.7-2018-q2-update.win32_1.5.0.202011040924/tools/bin/../lib/gcc/arm-none-eabi/7.3.1/thumb/v7e-m/crtbegin.o

.rodata         0x0000000008000bfc        0xc
                0x0000000008000bfc                . = ALIGN (0x4)
 *(.rodata)
 .rodata        0x0000000008000bfc        0xc Src/005spi_tx_only_arudino.o
 *(.rodata*)
                0x0000000008000c08                . = ALIGN (0x4)

.rel.dyn        0x0000000008000c08        0x0
 .rel.iplt      0x0000000008000c08        0x0 c:/st/stm32cubeide_1.4.0/stm32cubeide/plugins/com.st.stm32cube.ide.mcu.externaltools.gnu-tools-for-stm32.7-2018-q2-update.win32_1.5.0.202011040924/tools/bin/../lib/gcc/arm-none-eabi/7.3.1/thumb/v7e-m/crtbegin.o

.ARM.extab      0x0000000008000c08        0x0
                0x0000000008000c08                . = ALIGN (0x4)
 *(.ARM.extab* .gnu.linkonce.armextab.*)
                0x0000000008000c08                . = ALIGN (0x4)

.ARM            0x0000000008000c08        0x0
                0x0000000008000c08                . = ALIGN (0x4)
                0x0000000008000c08                __exidx_start = .
 *(.ARM.exidx*)
                0x0000000008000c08                __exidx_end = .
                0x0000000008000c08                . = ALIGN (0x4)

.preinit_array  0x0000000008000c08        0x0
                0x0000000008000c08                . = ALIGN (0x4)
                0x0000000008000c08                PROVIDE (__preinit_array_start = .)
 *(.preinit_array*)
                0x0000000008000c08                PROVIDE (__preinit_array_end = .)
                0x0000000008000c08                . = ALIGN (0x4)

.init_array     0x0000000008000c08        0x4
                0x0000000008000c08                . = ALIGN (0x4)
                0x0000000008000c08                PROVIDE (__init_array_start = .)
 *(SORT_BY_NAME(.init_array.*))
 *(.init_array*)
 .init_array    0x0000000008000c08        0x4 c:/st/stm32cubeide_1.4.0/stm32cubeide/plugins/com.st.stm32cube.ide.mcu.externaltools.gnu-tools-for-stm32.7-2018-q2-update.win32_1.5.0.202011040924/tools/bin/../lib/gcc/arm-none-eabi/7.3.1/thumb/v7e-m/crtbegin.o
                0x0000000008000c0c                PROVIDE (__init_array_end = .)
                0x0000000008000c0c                . = ALIGN (0x4)

.fini_array     0x0000000008000c0c        0x4
                0x0000000008000c0c                . = ALIGN (0x4)
                [!provide]                        PROVIDE (__fini_array_start = .)
 *(SORT_BY_NAME(.fini_array.*))
 *(.fini_array*)
 .fini_array    0x0000000008000c0c        0x4 c:/st/stm32cubeide_1.4.0/stm32cubeide/plugins/com.st.stm32cube.ide.mcu.externaltools.gnu-tools-for-stm32.7-2018-q2-update.win32_1.5.0.202011040924/tools/bin/../lib/gcc/arm-none-eabi/7.3.1/thumb/v7e-m/crtbegin.o
                [!provide]                        PROVIDE (__fini_array_end = .)
                0x0000000008000c10                . = ALIGN (0x4)
                0x0000000008000c10                _sidata = LOADADDR (.data)

.data           0x0000000020000000        0x0 load address 0x0000000008000c10
                0x0000000020000000                . = ALIGN (0x4)
                0x0000000020000000                _sdata = .
 *(.data)
 *(.data*)
 *(.RamFunc)
 *(.RamFunc*)
                0x0000000020000000                . = ALIGN (0x4)
                0x0000000020000000                _edata = .

.igot.plt       0x0000000020000000        0x0 load address 0x0000000008000c10
 .igot.plt      0x0000000020000000        0x0 c:/st/stm32cubeide_1.4.0/stm32cubeide/plugins/com.st.stm32cube.ide.mcu.externaltools.gnu-tools-for-stm32.7-2018-q2-update.win32_1.5.0.202011040924/tools/bin/../lib/gcc/arm-none-eabi/7.3.1/thumb/v7e-m/crtbegin.o
                0x0000000020000000                . = ALIGN (0x4)

.bss            0x0000000020000000       0x1c load address 0x0000000008000c10
                0x0000000020000000                _sbss = .
                0x0000000020000000                __bss_start__ = _sbss
 *(.bss)
 .bss           0x0000000020000000       0x1c c:/st/stm32cubeide_1.4.0/stm32cubeide/plugins/com.st.stm32cube.ide.mcu.externaltools.gnu-tools-for-stm32.7-2018-q2-update.win32_1.5.0.202011040924/tools/bin/../lib/gcc/arm-none-eabi/7.3.1/thumb/v7e-m/crtbegin.o
 *(.bss*)
 *(COMMON)
                0x000000002000001c                . = ALIGN (0x4)
                0x000000002000001c                _ebss = .
                0x000000002000001c                __bss_end__ = _ebss

._user_heap_stack
                0x000000002000001c      0x604 load address 0x0000000008000c10
                0x0000000020000020                . = ALIGN (0x8)
 *fill*         0x000000002000001c        0x4 
                [!provide]                        PROVIDE (end = .)
                [!provide]                        PROVIDE (_end = .)
                0x0000000020000220                . = (. + _Min_Heap_Size)
 *fill*         0x0000000020000020      0x200 
                0x0000000020000620                . = (. + _Min_Stack_Size)
 *fill*         0x0000000020000220      0x400 
                0x0000000020000620                . = ALIGN (0x8)

/DISCARD/
 libc.a(*)
 libm.a(*)
 libgcc.a(*)

.ARM.attributes
                0x0000000000000000       0x2a
 *(.ARM.attributes)
 .ARM.attributes
                0x0000000000000000       0x1e c:/st/stm32cubeide_1.4.0/stm32cubeide/plugins/com.st.stm32cube.ide.mcu.externaltools.gnu-tools-for-stm32.7-2018-q2-update.win32_1.5.0.202011040924/tools/bin/../lib/gcc/arm-none-eabi/7.3.1/thumb/v7e-m/crti.o
 .ARM.attributes
                0x000000000000001e       0x2e c:/st/stm32cubeide_1.4.0/stm32cubeide/plugins/com.st.stm32cube.ide.mcu.externaltools.gnu-tools-for-stm32.7-2018-q2-update.win32_1.5.0.202011040924/tools/bin/../lib/gcc/arm-none-eabi/7.3.1/thumb/v7e-m/crtbegin.o
 .ARM.attributes
                0x000000000000004c       0x33 Src/005spi_tx_only_arudino.o
 .ARM.attributes
                0x000000000000007f       0x21 Startup/startup_stm32f303retx.o
 .ARM.attributes
                0x00000000000000a0       0x33 drivers/src/stm32f3xx_gpio_driver.o
 .ARM.attributes
                0x00000000000000d3       0x33 drivers/src/stm32f3xx_spi.o
 .ARM.attributes
                0x0000000000000106       0x2e c:/st/stm32cubeide_1.4.0/stm32cubeide/plugins/com.st.stm32cube.ide.mcu.externaltools.gnu-tools-for-stm32.7-2018-q2-update.win32_1.5.0.202011040924/tools/bin/../lib/gcc/arm-none-eabi/7.3.1/../../../../arm-none-eabi/lib/thumb/v7e-m\libc_nano.a(lib_a-init.o)
 .ARM.attributes
                0x0000000000000134       0x17 c:/st/stm32cubeide_1.4.0/stm32cubeide/plugins/com.st.stm32cube.ide.mcu.externaltools.gnu-tools-for-stm32.7-2018-q2-update.win32_1.5.0.202011040924/tools/bin/../lib/gcc/arm-none-eabi/7.3.1/../../../../arm-none-eabi/lib/thumb/v7e-m\libc_nano.a(lib_a-strlen.o)
 .ARM.attributes
                0x000000000000014b       0x1e c:/st/stm32cubeide_1.4.0/stm32cubeide/plugins/com.st.stm32cube.ide.mcu.externaltools.gnu-tools-for-stm32.7-2018-q2-update.win32_1.5.0.202011040924/tools/bin/../lib/gcc/arm-none-eabi/7.3.1/thumb/v7e-m/crtn.o
OUTPUT(stm32f3xx_drivers.elf elf32-littlearm)

.debug_info     0x0000000000000000     0x17ab
 .debug_info    0x0000000000000000      0xbfb Src/005spi_tx_only_arudino.o
 .debug_info    0x0000000000000bfb       0x22 Startup/startup_stm32f303retx.o
 .debug_info    0x0000000000000c1d      0x6ac drivers/src/stm32f3xx_gpio_driver.o
 .debug_info    0x00000000000012c9      0x4e2 drivers/src/stm32f3xx_spi.o

.debug_abbrev   0x0000000000000000      0x456
 .debug_abbrev  0x0000000000000000      0x1e1 Src/005spi_tx_only_arudino.o
 .debug_abbrev  0x00000000000001e1       0x12 Startup/startup_stm32f303retx.o
 .debug_abbrev  0x00000000000001f3      0x159 drivers/src/stm32f3xx_gpio_driver.o
 .debug_abbrev  0x000000000000034c      0x10a drivers/src/stm32f3xx_spi.o

.debug_aranges  0x0000000000000000      0x150
 .debug_aranges
                0x0000000000000000       0x40 Src/005spi_tx_only_arudino.o
 .debug_aranges
                0x0000000000000040       0x28 Startup/startup_stm32f303retx.o
 .debug_aranges
                0x0000000000000068       0x70 drivers/src/stm32f3xx_gpio_driver.o
 .debug_aranges
                0x00000000000000d8       0x78 drivers/src/stm32f3xx_spi.o

.debug_ranges   0x0000000000000000      0x118
 .debug_ranges  0x0000000000000000       0x30 Src/005spi_tx_only_arudino.o
 .debug_ranges  0x0000000000000030       0x20 Startup/startup_stm32f303retx.o
 .debug_ranges  0x0000000000000050       0x60 drivers/src/stm32f3xx_gpio_driver.o
 .debug_ranges  0x00000000000000b0       0x68 drivers/src/stm32f3xx_spi.o

.debug_macro    0x0000000000000000     0x2070
 .debug_macro   0x0000000000000000      0x155 Src/005spi_tx_only_arudino.o
 .debug_macro   0x0000000000000155      0xa66 Src/005spi_tx_only_arudino.o
 .debug_macro   0x0000000000000bbb       0x22 Src/005spi_tx_only_arudino.o
 .debug_macro   0x0000000000000bdd       0x8e Src/005spi_tx_only_arudino.o
 .debug_macro   0x0000000000000c6b       0x51 Src/005spi_tx_only_arudino.o
 .debug_macro   0x0000000000000cbc       0xef Src/005spi_tx_only_arudino.o
 .debug_macro   0x0000000000000dab       0x6a Src/005spi_tx_only_arudino.o
 .debug_macro   0x0000000000000e15      0x1df Src/005spi_tx_only_arudino.o
 .debug_macro   0x0000000000000ff4      0x4d0 Src/005spi_tx_only_arudino.o
 .debug_macro   0x00000000000014c4       0x10 Src/005spi_tx_only_arudino.o
 .debug_macro   0x00000000000014d4       0xbe Src/005spi_tx_only_arudino.o
 .debug_macro   0x0000000000001592       0xb2 Src/005spi_tx_only_arudino.o
 .debug_macro   0x0000000000001644       0x46 Src/005spi_tx_only_arudino.o
 .debug_macro   0x000000000000168a       0x18 Src/005spi_tx_only_arudino.o
 .debug_macro   0x00000000000016a2       0x3c Src/005spi_tx_only_arudino.o
 .debug_macro   0x00000000000016de       0x34 Src/005spi_tx_only_arudino.o
 .debug_macro   0x0000000000001712      0x174 Src/005spi_tx_only_arudino.o
 .debug_macro   0x0000000000001886       0x52 Src/005spi_tx_only_arudino.o
 .debug_macro   0x00000000000018d8       0x1f Src/005spi_tx_only_arudino.o
 .debug_macro   0x00000000000018f7       0x43 Src/005spi_tx_only_arudino.o
 .debug_macro   0x000000000000193a       0x20 Src/005spi_tx_only_arudino.o
 .debug_macro   0x000000000000195a      0x1a3 Src/005spi_tx_only_arudino.o
 .debug_macro   0x0000000000001afd      0x330 Src/005spi_tx_only_arudino.o
 .debug_macro   0x0000000000001e2d       0x10 Src/005spi_tx_only_arudino.o
 .debug_macro   0x0000000000001e3d       0x35 Src/005spi_tx_only_arudino.o
 .debug_macro   0x0000000000001e72       0x20 Src/005spi_tx_only_arudino.o
 .debug_macro   0x0000000000001e92       0x99 drivers/src/stm32f3xx_gpio_driver.o
 .debug_macro   0x0000000000001f2b       0xac drivers/src/stm32f3xx_gpio_driver.o
 .debug_macro   0x0000000000001fd7       0x99 drivers/src/stm32f3xx_spi.o

.debug_line     0x0000000000000000     0x1234
 .debug_line    0x0000000000000000      0x615 Src/005spi_tx_only_arudino.o
 .debug_line    0x0000000000000615       0x84 Startup/startup_stm32f303retx.o
 .debug_line    0x0000000000000699      0x640 drivers/src/stm32f3xx_gpio_driver.o
 .debug_line    0x0000000000000cd9      0x55b drivers/src/stm32f3xx_spi.o

.debug_str      0x0000000000000000     0x8fcf
 .debug_str     0x0000000000000000     0x8c38 Src/005spi_tx_only_arudino.o
                                       0x8e8b (size before relaxing)
 .debug_str     0x0000000000008c38       0x31 Startup/startup_stm32f303retx.o
                                         0x80 (size before relaxing)
 .debug_str     0x0000000000008c69      0x249 drivers/src/stm32f3xx_gpio_driver.o
                                       0x5d02 (size before relaxing)
 .debug_str     0x0000000000008eb2      0x11d drivers/src/stm32f3xx_spi.o
                                       0x5c1b (size before relaxing)

.comment        0x0000000000000000       0x7b
 .comment       0x0000000000000000       0x7b Src/005spi_tx_only_arudino.o
                                         0x7c (size before relaxing)
 .comment       0x000000000000007b       0x7c drivers/src/stm32f3xx_gpio_driver.o
 .comment       0x000000000000007b       0x7c drivers/src/stm32f3xx_spi.o

.debug_frame    0x0000000000000000      0x4a0
 .debug_frame   0x0000000000000000       0xc4 Src/005spi_tx_only_arudino.o
 .debug_frame   0x00000000000000c4      0x1c8 drivers/src/stm32f3xx_gpio_driver.o
 .debug_frame   0x000000000000028c      0x1e8 drivers/src/stm32f3xx_spi.o
 .debug_frame   0x0000000000000474       0x2c c:/st/stm32cubeide_1.4.0/stm32cubeide/plugins/com.st.stm32cube.ide.mcu.externaltools.gnu-tools-for-stm32.7-2018-q2-update.win32_1.5.0.202011040924/tools/bin/../lib/gcc/arm-none-eabi/7.3.1/../../../../arm-none-eabi/lib/thumb/v7e-m\libc_nano.a(lib_a-init.o)
